// Jest Snapshot v1, https://goo.gl/fbAQLP

exports[`<Film /> Rendering should render the component 1`] = `
<div
  className="film"
>
  <FilmPoster
    posterPath="https://image.tmdb.org/t/p/w500/pU1ULUq8D3iRxl1fdX2lZIzdHuI.jpg"
  />
  <FilmInfo
    info={
      Object {
        "budget": 175000000,
        "genres": Array [
          "Adventure",
          "Science Fiction",
          "Action",
        ],
        "id": 333339,
        "overview": "When the creator of a popular video game system dies, a virtual contest is created to compete for his fortune.",
        "poster_path": "https://image.tmdb.org/t/p/w500/pU1ULUq8D3iRxl1fdX2lZIzdHuI.jpg",
        "release_date": "2018-03-28",
        "revenue": 0,
        "runtime": 140,
        "tagline": "A better reality awaits.",
        "title": "Ready Player One",
        "vote_average": 8.1,
        "vote_count": 617,
      }
    }
  />
</div>
`;
