// Jest Snapshot v1, https://goo.gl/fbAQLP

exports[`<ItemPoster /> Rendering should render the component 1`] = `
<div
  className="item-poster"
>
  <img
    className="item-poster-img"
    id="id03"
    onClick={[MockFunction]}
    src="https://image.tmdb.org/t/p/w500/eKi8dIrr8voobbaGzDpe8w0PVbC.jpg"
  />
</div>
`;
