// Jest Snapshot v1, https://goo.gl/fbAQLP

exports[`<Logo /> should render the component 1`] = `
<img
  className="logo"
  src="img/logo-netflixroulette.png"
/>
`;
