// Jest Snapshot v1, https://goo.gl/fbAQLP

exports[`<NoResults /> Rendering should render the component 1`] = `
<div
  className="no-results"
>
  No films found
</div>
`;
