// Jest Snapshot v1, https://goo.gl/fbAQLP

exports[`<Caption /> should render the caption 1`] = `
<p
  className="txt"
>
  Caption
</p>
`;
