// Jest Snapshot v1, https://goo.gl/fbAQLP

exports[`<FilmInfo /> Rendering should render the component 1`] = `
<div
  className="film-info"
>
  <FilmHeader
    rating={8.1}
    title="Ready Player One"
  />
  <Caption
    content="A better reality awaits."
    txtItalic={true}
    txtWhite={true}
  />
  <YearMinutes
    minutes={140}
    year="2018-03-28"
  />
  <Caption
    content="When the creator of a popular video game system dies, a virtual contest is created to compete for his fortune."
    txtItalic={false}
    txtWhite={true}
  />
</div>
`;
