// Jest Snapshot v1, https://goo.gl/fbAQLP

exports[`<FilmPoster /> Rendering should render the component 1`] = `
<div
  className="film-poster"
>
  <img
    src="https://image.tmdb.org/t/p/w500/pU1ULUq8D3iRxl1fdX2lZIzdHuI.jpg"
  />
</div>
`;
