// Jest Snapshot v1, https://goo.gl/fbAQLP

exports[`<Results /> Rendering should render the component 1`] = `
<React.Fragment>
  <Summary
    changeSortItemCallBack={[Function]}
    filmMode={false}
    filmModeGenre="action"
    filmNumber={1}
    searchPhrase="Searching something"
    sortItems={
      Object {
        "active": "release date",
        "list": Array [
          "release date",
          "rating",
        ],
      }
    }
  />
  <div
    className="results"
  >
    <Item
      info={
        Object {
          "budget": 175000000,
          "genres": Array [
            "Adventure",
            "Science Fiction",
            "Action",
          ],
          "id": 333339,
          "overview": "When the creator of a popular video game system dies, a virtual contest is created to compete for his fortune.",
          "poster_path": "https://image.tmdb.org/t/p/w500/pU1ULUq8D3iRxl1fdX2lZIzdHuI.jpg",
          "release_date": "2018-03-28",
          "revenue": 0,
          "runtime": 140,
          "tagline": "A better reality awaits.",
          "title": "Ready Player One",
          "vote_average": 8.1,
          "vote_count": 617,
        }
      }
      key="333339"
      searchInFilmModeByGenre={[MockFunction]}
      setFilmMode={[MockFunction]}
    />
  </div>
</React.Fragment>
`;

exports[`<Results /> Rendering should render the component without results 1`] = `
<div
  className="results"
>
  <NoResults />
</div>
`;
