// Jest Snapshot v1, https://goo.gl/fbAQLP

exports[`<Spiner /> Rendering should render the component 1`] = `
<img
  className="spiner"
  src="img/spiner.gif"
/>
`;
