// Jest Snapshot v1, https://goo.gl/fbAQLP

exports[`<Button /> should render the button 1`] = `
<div
  className="btn"
  id=""
  onClick={[MockFunction]}
>
  Button
</div>
`;

exports[`Testing Button render should render the button 1`] = `
<div
  className="btn"
  id=""
  onClick={[MockFunction]}
>
  Button
</div>
`;
