// Jest Snapshot v1, https://goo.gl/fbAQLP

exports[`<Button /> Rendering should render the button 1`] = `
<div
  className="btn"
  id=""
  onClick={[Function]}
>
  Button
</div>
`;
